[2024-06-05T12:42:03.856+0100][gc,init] CardTable entry size: 512
[2024-06-05T12:42:03.856+0100][gc     ] Using G1
[2024-06-05T12:42:03.859+0100][gc,init] Version: 21.0.2+13-58 (release)
[2024-06-05T12:42:03.859+0100][gc,init] CPUs: 8 total, 8 available
[2024-06-05T12:42:03.859+0100][gc,init] Memory: 16384M
[2024-06-05T12:42:03.859+0100][gc,init] Large Page Support: Disabled
[2024-06-05T12:42:03.859+0100][gc,init] NUMA Support: Disabled
[2024-06-05T12:42:03.859+0100][gc,init] Compressed Oops: Enabled (Zero based)
[2024-06-05T12:42:03.859+0100][gc,init] Heap Region Size: 1M
[2024-06-05T12:42:03.859+0100][gc,init] Heap Min Capacity: 512M
[2024-06-05T12:42:03.859+0100][gc,init] Heap Initial Capacity: 512M
[2024-06-05T12:42:03.859+0100][gc,init] Heap Max Capacity: 512M
[2024-06-05T12:42:03.859+0100][gc,init] Pre-touch: Disabled
[2024-06-05T12:42:03.859+0100][gc,init] Parallel Workers: 8
[2024-06-05T12:42:03.859+0100][gc,init] Concurrent Workers: 2
[2024-06-05T12:42:03.859+0100][gc,init] Concurrent Refinement Workers: 8
[2024-06-05T12:42:03.859+0100][gc,init] Periodic GC: Disabled
[2024-06-05T12:42:03.868+0100][gc,metaspace] CDS archive(s) mapped at: [0x0000000126000000-0x0000000126ca4000-0x0000000126ca4000), size 13254656, SharedBaseAddress: 0x0000000126000000, ArchiveRelocationMode: 1.
[2024-06-05T12:42:03.868+0100][gc,metaspace] Compressed class space mapped at: 0x0000000127000000-0x0000000167000000, reserved size: 1073741824
[2024-06-05T12:42:03.868+0100][gc,metaspace] Narrow klass base: 0x0000000126000000, Narrow klass shift: 0, Narrow klass range: 0x100000000
[2024-06-05T12:42:05.046+0100][gc,start    ] GC(0) Pause Young (Normal) (G1 Evacuation Pause)
[2024-06-05T12:42:05.047+0100][gc,task     ] GC(0) Using 8 workers of 8 for evacuation
[2024-06-05T12:42:05.055+0100][gc,phases   ] GC(0)   Pre Evacuate Collection Set: 0.2ms
[2024-06-05T12:42:05.055+0100][gc,phases   ] GC(0)   Merge Heap Roots: 0.1ms
[2024-06-05T12:42:05.055+0100][gc,phases   ] GC(0)   Evacuate Collection Set: 4.7ms
[2024-06-05T12:42:05.055+0100][gc,phases   ] GC(0)   Post Evacuate Collection Set: 2.7ms
[2024-06-05T12:42:05.055+0100][gc,phases   ] GC(0)   Other: 0.6ms
[2024-06-05T12:42:05.055+0100][gc,heap     ] GC(0) Eden regions: 25->0(21)
[2024-06-05T12:42:05.055+0100][gc,heap     ] GC(0) Survivor regions: 0->4(4)
[2024-06-05T12:42:05.055+0100][gc,heap     ] GC(0) Old regions: 2->6
[2024-06-05T12:42:05.055+0100][gc,heap     ] GC(0) Humongous regions: 0->0
[2024-06-05T12:42:05.055+0100][gc,metaspace] GC(0) Metaspace: 8259K(8512K)->8259K(8512K) NonClass: 7377K(7488K)->7377K(7488K) Class: 882K(1024K)->882K(1024K)
[2024-06-05T12:42:05.055+0100][gc          ] GC(0) Pause Young (Normal) (G1 Evacuation Pause) 26M->8M(512M) 9.271ms
[2024-06-05T12:42:05.055+0100][gc,cpu      ] GC(0) User=0.02s Sys=0.01s Real=0.01s
[2024-06-05T16:09:24.370+0100][gc,heap,exit] Heap
[2024-06-05T16:09:24.373+0100][gc,heap,exit]  garbage-first heap   total 524288K, used 27552K [0x00000007e0000000, 0x0000000800000000)
[2024-06-05T16:09:24.373+0100][gc,heap,exit]   region size 1024K, 22 young (22528K), 4 survivors (4096K)
[2024-06-05T16:09:24.373+0100][gc,heap,exit]  Metaspace       used 9570K, committed 9792K, reserved 1114112K
[2024-06-05T16:09:24.373+0100][gc,heap,exit]   class space    used 983K, committed 1088K, reserved 1048576K
